// Jest Snapshot v1, https://goo.gl/fbAQLP

exports[`failure cases: error for missingStartSymbol 1`] = `[Error: The grammar defined in /pathToTysonRepo/test/fixtures/shouldFail/missingStartSymbol/grammar.jison does not have a start symbol declared. Please declare one using \`%start <symbolName>\`.]`;
